192.168.1.1
192.168.1.100
192.168.2.50 - with comment
