2001:db8:1053:8e7::f18e
2001:db8:1057:5d1e::6ced
2001:db8:1179:9a76::5191
2001:db8:11fa:ac5d::12ae
2001:db8:1203:8504::e089
2001:db8:127e:f08e::f28a
2001:db8:12b8:d598::248f
2001:db8:137a:a2d7::7a67
2001:db8:1461:b36::4de
2001:db8:14fb:6337::c8cb
2001:db8:1509:411e::e50
2001:db8:15ae:ac11::30a2
2001:db8:1641:12c2::e6a4
2001:db8:16cc:de5c::16b5
2001:db8:1860:3a0a::5207
2001:db8:199:74c0::4e58
2001:db8:19bd:5184::5143
2001:db8:1ae5:166a::433c
2001:db8:1b7e:7b0b::9015
2001:db8:1bd0:7593::44ea
2001:db8:1c82:c10c::419
2001:db8:1cc9:bf83::6a02
2001:db8:1d1d:dea9::61e1
2001:db8:1ec7:81bc::94de
2001:db8:1f2f:76c0::2dbc
2001:db8:1fe6:2dc5::50fa
2001:db8:2079:c4c2::806f
2001:db8:20be:56f::3dc3
2001:db8:21ca:b7c::cbee
2001:db8:21ee:13ee::2108
2001:db8:221a:a7eb::4d24
2001:db8:224:8e0e::2b27
2001:db8:243b:ab98::f96
2001:db8:243c:df7f::c4eb
2001:db8:2455:39c1::a11f
2001:db8:24c9:ab21::bf39
2001:db8:253d:ad::becb
2001:db8:2565:fe74::7f18
2001:db8:260c:7583::60b9
2001:db8:26a0:245c::fcf8
2001:db8:26b4:b05f::77f0
2001:db8:270:2241::ad14
2001:db8:2728:4c47::d5a
2001:db8:275d:27f3::ef5
2001:db8:2797:646::fab9
2001:db8:283d:78e0::854d
2001:db8:28a0:996f::89db
2001:db8:2923:a9cf::4849
2001:db8:2929:c5e7::87e4
2001:db8:295c:b9b0::76d
2001:db8:29ab:6f86::2789
2001:db8:29d2:9756::f556
2001:db8:29f0:7158::4860
2001:db8:2bb4:9d0e::f957
2001:db8:2ca0:39de::7573
2001:db8:2e1e:b30d::d7e2
2001:db8:2ede:c161::d75c
2001:db8:2ee2:7364::bd13
2001:db8:2f32:76a6::2c21
2001:db8:2f45:4597::e60b
2001:db8:2f54:c358::1204
2001:db8:2fc:813d::23a3
2001:db8:304d:16d4::2c0f
2001:db8:3098:3578::7a02
2001:db8:30e9:fa7d::f086
2001:db8:3139:a0c2::1b6a
2001:db8:3185:979a::b31b
2001:db8:31a6:aacc::ebbd
2001:db8:33a2:3536::acd1
2001:db8:362d:7e0::e4ce
2001:db8:3632:e914::a6c7
2001:db8:365b:bada::f09c
2001:db8:371:3b72::f050
2001:db8:371f:1752::ad55
2001:db8:3788:334a::871c
2001:db8:3957:8022::e8e1
2001:db8:398f:97c4::507e
2001:db8:39a4:f301::7821
2001:db8:39a:3215::7ac5
2001:db8:3a1a:c8f5::677
2001:db8:3a2c:e01f::8ac5
2001:db8:3b37:792b::5b96
2001:db8:3ba1:60c::cb2f
2001:db8:3ba2:3188::70fe
2001:db8:3c3e:333e::1be6
2001:db8:3ca5:9a14::45fa
2001:db8:3d11:9474::a77d
2001:db8:3d13:3e45::3968
2001:db8:3d98:aaf4::ae30
2001:db8:3e7e:a840::dc89
2001:db8:3ff4:48c6::791
2001:db8:403a:dfaf::e43f
2001:db8:4081:5680::a617
2001:db8:40b2:bf63::5358
2001:db8:4146:926a::5913
2001:db8:4204:bb98::1f9e
2001:db8:4236:a3ca::26a6
2001:db8:4281:e71b::71fb
2001:db8:42c0:e689::a64c
2001:db8:4353:164c::91f8
2001:db8:4394:a788::6872
2001:db8:43b8:40e5::487a
2001:db8:4416:3e37::ed29
2001:db8:450:36ab::212d
2001:db8:45c:5c5::eaf2
2001:db8:4606:5201::e6f5
2001:db8:4662:d5e0::1ba5
2001:db8:46bb:eb94::35a4
2001:db8:46c5:15d7::13dc
2001:db8:46e8:99af::72a6
2001:db8:474d:8f38::e6cc
2001:db8:4767:2f1b::ea63
2001:db8:47be:281d::cb87
2001:db8:4837:11d1::f101
2001:db8:4840:63eb::be09
2001:db8:4889:65ae::7a81
2001:db8:4895:1924::8adb
2001:db8:48db:440a::66c7
2001:db8:4979:e481::f851
2001:db8:4a82:16b::ecfa
2001:db8:4ab:25c8::5164
2001:db8:4b24:6119::188d
2001:db8:4c07:45f9::8607
2001:db8:4c72:d6a6::b869
2001:db8:4c88:d869::a4b3
2001:db8:4c99:d23c::4d10
2001:db8:4ce6:d5a3::fe85
2001:db8:4d47:8263::7c71
2001:db8:4d78:d308::3439
2001:db8:4dd1:1226::4d61
2001:db8:4e0d:e92f::c69f
2001:db8:4e85:f2e0::a7bc
2001:db8:4e9:2639::958e
2001:db8:4f2b:a1a9::7993
2001:db8:4f2d:1421::e30d
2001:db8:4f77:5a18::9f9c
2001:db8:4fde:8f2c::d48d
2001:db8:505e:af0a::66cc
2001:db8:50f:873b::d8a
2001:db8:51d8:9c70::ffc7
2001:db8:51ed:1541::d952
2001:db8:51f5:6b94::edf
2001:db8:5260:39f1::cfeb
2001:db8:5314:e7a4::993f
2001:db8:536a:7011::be87
2001:db8:537c:be48::8383
2001:db8:53b5:4c33::3a3c
2001:db8:5460:30e8::dbcb
2001:db8:5469:d505::6f0b
2001:db8:54b1:e99e::612c
2001:db8:54b8:8837::1abd
2001:db8:5528:fbd6::a400
2001:db8:5548:2d6d::d20e
2001:db8:558:7444::4bd8
2001:db8:5622:f0ef::42bd
2001:db8:5687:63e::101f
2001:db8:56d:674d::eac1
2001:db8:5772:318c::c36a
2001:db8:5773:a0d1::5eef
2001:db8:57f:ed16::dc95
2001:db8:581c:e13f::3e5b
2001:db8:597d:1452::e965
2001:db8:5a1d:87cc::63a9
2001:db8:5a29:bfe8::7e0d
2001:db8:5a43:c122::5e4e
2001:db8:5a48:8055::fcd3
2001:db8:5a7b:6c4f::66ed
2001:db8:5ab1:5b92::31ba
2001:db8:5aea:5632::5027
2001:db8:5b77:2797::9dcc
2001:db8:5ba3:8163::39fc
2001:db8:5ba:8d7e::b5e0
2001:db8:5bab:3495::d1de
2001:db8:5d36:a5b1::243
2001:db8:5ea7:db91::3f1d
2001:db8:5f11:1d1::77f2
2001:db8:5fa7:235a::e7ef
2001:db8:60ab:97ec::4e8b
2001:db8:615e:7636::8de7
2001:db8:619a:3abb::8ef7
2001:db8:61d3:b977::8bd
2001:db8:6254:9df::683c
2001:db8:62e7:19c::5d17
2001:db8:6308:3e42::4f5f
2001:db8:638:f0e9::2a68
2001:db8:63e4:54a::49d6
2001:db8:6443:9b6b::fe8d
2001:db8:654b:3d03::b189
2001:db8:65b4:4428::f86
2001:db8:6601:10d::ab05
2001:db8:663:afed::2665
2001:db8:6854:513a::d93a
2001:db8:68e3:fdbf::6a7e
2001:db8:68e7:d385::9249
2001:db8:6927:84c7::671f
2001:db8:694f:ffbb::a220
2001:db8:699f:a9c1::b25e
2001:db8:69eb:d286::9869
2001:db8:6a10:b01f::99ed
2001:db8:6a1a:a11::126e
2001:db8:6a6b:7bd1::8d2f
2001:db8:6aea:ea3::2aa9
2001:db8:6b00:7609::26a2
2001:db8:6b3f:90f8::d493
2001:db8:6b72:1f5d::f896
2001:db8:6b7b:6c0d::5ef4
2001:db8:6ba8:3eda::dbbe
2001:db8:6bc7:f58::86eb
2001:db8:6c60:a060::ab94
2001:db8:6c94:7296::4a1b
2001:db8:6d0a:a883::8a79
2001:db8:6d71:327c::4928
2001:db8:6d83:8c37::bd56
2001:db8:6e57:f817::be2a
2001:db8:6e5b:eb4::65d6
2001:db8:6e77:dc65::c2d9
2001:db8:6ebf:6641::c89f
2001:db8:6f70:3ae9::e946
2001:db8:701:3322::86dc
2001:db8:7025:f21f::4852
2001:db8:7042:4593::3da2
2001:db8:706f:58d3::7eac
2001:db8:7078:e876::57aa
2001:db8:708c:fbe5::8a99
2001:db8:70a6:fcb2::dae2
2001:db8:7130:f468::a6d2
2001:db8:71d4:d74f::9894
2001:db8:723e:1214::d587
2001:db8:729f:61ff::6339
2001:db8:72ba:335::aeab
2001:db8:72f7:cb58::e82f
2001:db8:73aa:3ce2::3cc8
2001:db8:73b3:3009::c90b
2001:db8:73e5:9c67::595d
2001:db8:742:6862::790e
2001:db8:7456:b87b::4896
2001:db8:7494:779b::f8c5
2001:db8:74a2:2d75::d863
2001:db8:7570:1130::51e9
2001:db8:7661:623d::d86d
2001:db8:766d:d4fc::f4e3
2001:db8:76c7:8912::a1cb
2001:db8:777c:fceb::88c2
2001:db8:77d5:beb8::935f
2001:db8:77d:3d8a::42a9
2001:db8:787a:f311::6e8c
2001:db8:7895:9dd5::16e6
2001:db8:79:3b60::2c05
2001:db8:7a48:7483::5514
2001:db8:7bdb:5121::5978
2001:db8:7c6:9000::d82e
2001:db8:7cd3:5bfb::8407
2001:db8:7cfa:40a7::35f
2001:db8:7d19:a7a::af3d
2001:db8:7d3d:cd54::ab60
2001:db8:7db6:e2b0::4960
2001:db8:7dee:229d::d080
2001:db8:7e5f:cfed::d32d
2001:db8:7e82:acc2::8976
2001:db8:7e98:c662::8060
2001:db8:7e9f:5f::6fb8
2001:db8:7ec3:79dc::2c96
2001:db8:8081:4abe::720b
2001:db8:80aa:9641::c327
2001:db8:812a:2018::47c2
2001:db8:8169:2697::c165
2001:db8:81b0:5827::102d
2001:db8:81cb:823b::af38
2001:db8:8205:dcad::db9c
2001:db8:825a:b171::6f34
2001:db8:834d:2d90::a41c
2001:db8:83ad:bee3::f043
2001:db8:8401:d8ed::b149
2001:db8:840d:6363::fc56
2001:db8:842d:6f3d::2c2e
2001:db8:8443:3fae::f3b0
2001:db8:845c:2987::9bca
2001:db8:8652:77c0::3604
2001:db8:8714:7025::b100
2001:db8:87b5:c5ca::c3ea
2001:db8:8858:a349::8b5d
2001:db8:885d:6acf::3a4
2001:db8:890:ad1f::5385
2001:db8:894:323e::45a2
2001:db8:89c:988d::b4f3
2001:db8:89ef:bad0::a72
2001:db8:8ab6:d961::8941
2001:db8:8aea:551d::e134
2001:db8:8b42:66d6::5e66
2001:db8:8ba8:d6b0::4e20
2001:db8:8be9:8b28::ffe3
2001:db8:8c2d:c977::991b
2001:db8:8d04:ffc8::dd1f
2001:db8:8dab:bd68::cddf
2001:db8:8f50:e5a0::24dd
2001:db8:8f56:7889::303
2001:db8:8f72:c117::f63f
2001:db8:8fa7:4600::ac34
2001:db8:8faf:79ef::d365
2001:db8:909f:9a14::b82a
2001:db8:91c6:8e22::a87c
2001:db8:9200:7c97::f9e7
2001:db8:925a:e147::c712
2001:db8:9318:2c0::ce70
2001:db8:938b:165b::d87a
2001:db8:9434:af6::28a4
2001:db8:9455:7d77::dc51
2001:db8:954b:839f::d485
2001:db8:954d:e17::7407
2001:db8:9564:f9c2::4990
2001:db8:9624:4817::38c7
2001:db8:9663:be1c::8e3
2001:db8:96a8:bf8a::d4a5
2001:db8:96da:7d73::d853
2001:db8:9791:68ef::66c
2001:db8:97b:ce58::e9ef
2001:db8:97c5:7502::7b0a
2001:db8:9891:7dc9::c274
2001:db8:98db:db1d::2eee
2001:db8:9921:15f2::7e18
2001:db8:9996:d7c7::bc41
2001:db8:99e8:cf44::8b94
2001:db8:9a4b:9e2c::4ee1
2001:db8:9a6e:7799::5b8c
2001:db8:9a73:33fc::8440
2001:db8:9ae:b53e::b33d
2001:db8:9b07:6628::7b1c
2001:db8:9b0a:cc1c::f8b4
2001:db8:9b20:a3a2::c281
2001:db8:9b8e:83b1::3dec
2001:db8:9bd1:6445::e40c
2001:db8:9d80:7b37::96dd
2001:db8:9db0:3b3f::d2a
2001:db8:9e17:c4b8::295
2001:db8:9e97:75b1::559b
2001:db8:9ead:886d::5dac
2001:db8:9f11:c0da::a08
2001:db8:9f7f:e286::1185
2001:db8:9fc0:f2b9::fef8
2001:db8:9fc3:a345::ecdd
2001:db8:a137:d0d2::70e6
2001:db8:a1b3:b746::8950
2001:db8:a1f5:47ec::783d
2001:db8:a23d:daa3::f29c
2001:db8:a29c:2772::f6f5
2001:db8:a2af:6ebd::e5de
2001:db8:a2ba:cbb6::d21f
2001:db8:a2bd:349f::37fb
2001:db8:a4f5:78a3::62e6
2001:db8:a51c:290f::9feb
2001:db8:a530:4054::81d3
2001:db8:a58e:c4fd::8c1f
2001:db8:a5d5:b7fc::81ec
2001:db8:a617:6256::e3e6
2001:db8:a652:bc2::7059
2001:db8:a74e:a041::782
2001:db8:a75c:e4e2::e03a
2001:db8:a838:3ff7::239a
2001:db8:a8d6:c002::cbe5
2001:db8:a9ee:bda6::cd6c
2001:db8:a9f4:6060::3db7
2001:db8:aade:a4f::5e0
2001:db8:ab14:b79::a8f7
2001:db8:ab56:5974::9d5
2001:db8:acd9:40fc::4df8
2001:db8:ad71:71a2::7ec4
2001:db8:ade:7ab0::a95
2001:db8:ae78:1b55::fc9b
2001:db8:af0d:99bd::2bb4
2001:db8:af63:47bc::abfc
2001:db8:b032:9529::ea1c
2001:db8:b08e:72cf::eda0
2001:db8:b1ec:d068::5d5c
2001:db8:b2d3:9d2a::3ec4
2001:db8:b34d:8640::b0db
2001:db8:b34e:6836::8f72
2001:db8:b3d:9f92::ecee
2001:db8:b40:64c9::5c1b
2001:db8:b40b:7364::f845
2001:db8:b510:109b::c52
2001:db8:b5b4:2965::4b1d
2001:db8:b5d1:cec4::72cb
2001:db8:b5ea:fe6b::3ae
2001:db8:b608:516c::1b01
2001:db8:b633:186a::bc48
2001:db8:b70:ec63::1985
2001:db8:b735:809f::9bc3
2001:db8:b79d:f0fe::e74b
2001:db8:b839:e427::35ba
2001:db8:b8df:cc1a::2c45
2001:db8:b9f:6e45::fb55
2001:db8:ba41:9050::5ef8
2001:db8:ba68:18f2::d30
2001:db8:ba7f:4f48::c8b
2001:db8:badd:eab7::6eac
2001:db8:bb06:9b82::47d1
2001:db8:bb28:17bd::71d1
2001:db8:bb47:ad65::1a68
2001:db8:bb7c:f4f2::dd69
2001:db8:bd00:2a62::b314
2001:db8:bd6a:4a60::81e9
2001:db8:bd7b:788c::f782
2001:db8:bddf:e697::4b6b
2001:db8:be0a:3265::8ad7
2001:db8:bf8f:afae::9a16
2001:db8:bfc9:aa83::113
2001:db8:c012:c445::a19b
2001:db8:c014:b844::dff2
2001:db8:c122:c8de::c90d
2001:db8:c145:6941::6b1
2001:db8:c16e:78fc::c258
2001:db8:c182:fd4a::d2c2
2001:db8:c1a2:8640::ac08
2001:db8:c1a9:afbd::ffd4
2001:db8:c2d0:621a::a967
2001:db8:c2eb:82bb::7089
2001:db8:c364:5b50::e27e
2001:db8:c38f:cfec::e6a4
2001:db8:c454:cdec::c964
2001:db8:c4ae:c720::6ae3
2001:db8:c4c5:a307::2967
2001:db8:c4eb:f7d3::c3a7
2001:db8:c617:aba4::3f06
2001:db8:c645:f73f::8cc9
2001:db8:c678:504d::d84d
2001:db8:c68c:fe95::25a6
2001:db8:c709:6736::47e9
2001:db8:c816:a9af::5290
2001:db8:c85d:e8f2::bfe9
2001:db8:c8b9:e971::ac99
2001:db8:c8ef:e259::d347
2001:db8:c8f2:43c8::ec35
2001:db8:c957:aaf1::2fa8
2001:db8:c9aa:439b::af51
2001:db8:c9d4:ff49::a62b
2001:db8:ca34:2f4e::4b6d
2001:db8:cb47:8ce4::72d8
2001:db8:cb63:6cc6::aede
2001:db8:cb6d:af9e::ba41
2001:db8:cbb8:f0f0::fabc
2001:db8:cbb9:ee6e::9623
2001:db8:cdda:c45f::5752
2001:db8:ce03:b66a::9334
2001:db8:cf1f:519b::a345
2001:db8:cf3f:8e86::c15f
2001:db8:d039:810f::4877
2001:db8:d107:296d::4737
2001:db8:d184:eb93::3d19
2001:db8:d2c5:b060::834f
2001:db8:d2f:362::e5ee
2001:db8:d48f:4f8::f9b0
2001:db8:d576:da25::d079
2001:db8:d5bd:5151::74fa
2001:db8:d5fb:ec66::21b9
2001:db8:d8ce:64c3::787a
2001:db8:d8ed:5f7c::9d1
2001:db8:d8f:373a::6acd
2001:db8:d913:6f31::5c49
2001:db8:d981:ab67::121
2001:db8:d9e8:efd3::47cc
2001:db8:da59:b6a3::c69b
2001:db8:da64:420c::df9b
2001:db8:dad2:cc42::6a1f
2001:db8:daed:f86b::9ddb
2001:db8:db10:64::e4b3
2001:db8:db63:c16e::9c4d
2001:db8:db7d:7e::5b7c
2001:db8:dbe5:cfc5::477
2001:db8:dc21:9ad9::af1e
2001:db8:dc31:4407::f9dd
2001:db8:dc5f:4e4b::62b3
2001:db8:dcd6:2a28::d301
2001:db8:dce5:85c0::779d
2001:db8:dd14:93b5::8018
2001:db8:dd32:317d::f09f
2001:db8:dd6:ac98::b4f3
2001:db8:dde0:1d95::a828
2001:db8:ddeb:de04::ae82
2001:db8:de0a:b6b3::1187
2001:db8:de24:53c7::3fd7
2001:db8:df10:d846::a007
2001:db8:df6c:6796::feda
2001:db8:dfb5:a8a7::27ed
2001:db8:e0e3:fefb::e753
2001:db8:e0f6:fd7a::b46b
2001:db8:e16c:f46f::2b10
2001:db8:e272:b962::4917
2001:db8:e298:2cca::35ea
2001:db8:e361:f8a2::3249
2001:db8:e367:d811::3243
2001:db8:e3c9:bc22::30b
2001:db8:e431:cda3::ab19
2001:db8:e468:eab::a8aa
2001:db8:e47f:3b2b::2fa2
2001:db8:e48d:aad2::1e59
2001:db8:e4ad:bf2::8b40
2001:db8:e4c4:dc97::d630
2001:db8:e517:ac78::8a3d
2001:db8:e5a2:a19a::52af
2001:db8:e6b9:bf0::4202
2001:db8:e718:5c1f::1c58
2001:db8:e71e:d0d9::f63a
2001:db8:e891:6413::f4de
2001:db8:e8dd:e81c::552b
2001:db8:e976:deb2::606a
2001:db8:e987:9e98::dd52
2001:db8:e9e0:63::ad8e
2001:db8:eb84:47ee::3302
2001:db8:ec69:2e6c::4260
2001:db8:ec9b:9345::5384
2001:db8:ecd0:4c7::b559
2001:db8:ecf8:9956::3742
2001:db8:ed0c:6db8::c4d7
2001:db8:ed1d:cd6e::4027
2001:db8:ee3c:b346::ca68
2001:db8:eea:ea69::2cec
2001:db8:eec5:1266::838d
2001:db8:eed7:9a9a::a3ff
2001:db8:ef74:3ee2::5033
2001:db8:ef77:673e::7a4d
2001:db8:ef98:9713::bb8f
2001:db8:efcb:6f16::6f6a
2001:db8:eff1:cb51::1470
2001:db8:f048:25fb::950a
2001:db8:f053:8e8b::cccb
2001:db8:f06f:4aaa::e9ef
2001:db8:f23b:5b1f::27b0
2001:db8:f292:136b::22e0
2001:db8:f298:9309::a9b8
2001:db8:f2b0:f0f8::e881
2001:db8:f40b:5545::f1aa
2001:db8:f43a:8c5e::4d91
2001:db8:f472:e693::7d73
2001:db8:f4b3:b67d::bf2
2001:db8:f501:cbc2::8b76
2001:db8:f57e:8a3a::147e
2001:db8:f5aa:c29b::3cb6
2001:db8:f669:9b6e::8be8
2001:db8:f6a2:7e3::b759
2001:db8:f6c8:4424::40ae
2001:db8:f751:ee87::c778
2001:db8:f82:beb1::adde
2001:db8:f889:3808::ee48
2001:db8:f89d:260::9915
2001:db8:f8a0:e015::c52f
2001:db8:f936:463f::175a
2001:db8:f988:c7af::5e3c
2001:db8:f9d2:4ccd::a3c
2001:db8:fa32:cc20::1d2c
2001:db8:fa3c:6150::2378
2001:db8:faf8:5270::2ec4
2001:db8:fbe8:df2a::bf64
2001:db8:fc8b:f8db::f2fb
2001:db8:fd96:5147::babd
2001:db8:fdf6:7fad::8f34
2001:db8:fe19:a3a2::6016
2001:db8:fe25:9846::779e
2001:db8:fe56:9e45::d5a2
2001:db8:fe7c:1af1::e457
2001:db8:fe88:58e0::d59d
2001:db8:feab:600f::5aaa
2001:db8:ff8f:c863::7258
2001:db8:ff9:2c0c::b74d
