0.0.0.0
1.2.3.4
127.0.0.1
192.168.1.1
255.255.255.255
