0.0.0.0
0.0.0.1
127.255.255.255
128.0.0.0
255.255.255.254
255.255.255.255
192.168.0.0
192.168.0.1
192.168.0.127
192.168.0.128
192.168.0.255
192.168.1.0
