This line has no IP
Another line without IP
10.0.0.1
Pure text line
8.8.8.8
Final line no IP
