::ffff:192.168.1.1
::ffff:10.0.0.1
::ffff:172.16.0.1
::ffff:127.0.0.1
::ffff:8.8.8.8
