::ffff:192.168.0.0
::ffff:192.168.0.255
::ffff:192.168.1.0
::ffff:192.168.255.255
