::ffff:192.168.1.1
::ffff:c0a8:101
::FFFF:192.168.1.1
::ffff:0.0.0.0
::ffff:255.255.255.255
0:0:0:0:0:ffff:192.168.1.1
0000:0000:0000:0000:0000:ffff:192.168.1.1
::ffff:127.0.0.1
