2001:db8::1
2001:0db8::1
2001:00db8::1
2001:000db8::1
2001:0000db8::1
02001:db8::1
002001:db8::1
0002001:db8::1
00002001:db8::1
2001:0db8:0000:0000:0000:0000:0000:0001
2001:0db8:0:0:0:0:0:1
2001:db8:0000:0000:0000:0000:0000:0001
2001:db8::0001
2001:db8::001
2001:db8::01
2001:db8::1
2001:db8:85a3:0000:0000:8a2e:0370:7334
2001:db8:85a3::8a2e:370:7334
2001:0db8:85a3:0000:0000:8a2e:0370:7334
