2001:db8::
2001:db8::1
2001:db8::8a2e:370:7334
2001:0db8:0000:0000:0000:ff00:0042:8329
2001:db8:0:0:1:0:0:1
2001:db8:85a3::8a2e:370:7334
2001:db8:85a3:0:0:8a2e:370:7334
2001:db8:0:1:1:1:1:1
2001:db8:0:0:0:0:2:1
