2001:db8::1
2001:db8:0000:0000:0000:0000:0000:0001
2001:db8:0:0:0:0:0:1
