ffff:ffff:ffff:ffff:ffff:ffff:ffff:ffff
ffff:0000:0000:0000:0000:0000:0000:0001
ffff:0000:0000:0000:0000:0000:0000:0000
ffff::1
ffff::
ffff::ffff
ffff:ffff:ffff:ffff::1
ffff:ffff:ffff:ffff::
