2001:db8::192.168.1.1
2001:db8::1/128
2001:db8::1-2001:db8::10
[2001:db8::1]
2001:0db8:0000:0000:0000:0000:0192:0168
[2001:db8::1]:8080
2001:db8::1%eth0
