192.168.1.1
10.0.0.1
172.16.0.1
192.168.1.100
10.0.0.255
172.16.255.254
Log entry: 10.1.1.1 connected
Error from 172.17.0.1 at timestamp
