192.168.1.1
10.0.0.1
172.16.0.1
192.168.1.100
10.0.0.255
172.16.255.254
192.168.2.50 - with comment
Log entry: 10.1.1.1 connected
Error from 172.17.0.1 at timestamp
2001:db8::1
2001:db8:85a3::8a2e:370:7334
::1
